// Jest Snapshot v1, https://goo.gl/fbAQLP

exports[`DiffReportCollector Collect simple report with default path 1`] = `"{"total":2,"totalPassed":0,"totalFailed":2,"totalSuites":1,"suites":[{"name":"Listsandstaticsegments","path":"X:\\\\Tests\\\\Automation\\\\test_suites\\\\89_sanitychecks\\\\listsandstaticsegments.robot","tests":[{"name":"Create_List","specPath":"X:\\\\Tests\\\\Automation\\\\test_suites\\\\89_sanitychecks\\\\listsandstaticsegments.robot","specFilename":"X:\\\\Tests\\\\Automation\\\\test_suites\\\\89_sanitychecks\\\\listsandstaticsegments.robot","status":"pass","percentage":1,"failureThreshold":0.1,"baselinePath":"baseline/Test_Suites.89_Sanitychecks.Listsandstaticsegments.Lists_Dashboard.png","comparisonPath":"Test_Suites.89_Sanitychecks.Listsandstaticsegments.Lists_Dashboard.png","diffPath":""},{"name":"Create_List","specPath":"X:\\\\Tests\\\\Automation\\\\test_suites\\\\89_sanitychecks\\\\listsandstaticsegments.robot","specFilename":"X:\\\\Tests\\\\Automation\\\\test_suites\\\\89_sanitychecks\\\\listsandstaticsegments.robot","status":"pass","percentage":1,"failureThreshold":0.05,"baselinePath":"baseline/Test_Suites.89_Sanitychecks.Listsandstaticsegments.Lists_Dashboard_Without_Threshold.png","comparisonPath":"Test_Suites.89_Sanitychecks.Listsandstaticsegments.Lists_Dashboard_Without_Threshold.png","diffPath":""}]}]}"`;

exports[`DiffReportCollector Collect simple report with passing and failing screenshot 1`] = `"{"total":2,"totalPassed":0,"totalFailed":2,"totalSuites":1,"suites":[{"name":"Listsandstaticsegments","path":"X:\\\\Tests\\\\Automation\\\\test_suites\\\\89_sanitychecks\\\\listsandstaticsegments.robot","tests":[{"name":"Create_List","specPath":"X:\\\\Tests\\\\Automation\\\\test_suites\\\\89_sanitychecks\\\\listsandstaticsegments.robot","specFilename":"X:\\\\Tests\\\\Automation\\\\test_suites\\\\89_sanitychecks\\\\listsandstaticsegments.robot","status":"pass","percentage":1,"failureThreshold":0.1,"baselinePath":"baseline/Test_Suites.89_Sanitychecks.Listsandstaticsegments.Lists_Dashboard.png","comparisonPath":"Test_Suites.89_Sanitychecks.Listsandstaticsegments.Lists_Dashboard.png","diffPath":""},{"name":"Create_List","specPath":"X:\\\\Tests\\\\Automation\\\\test_suites\\\\89_sanitychecks\\\\listsandstaticsegments.robot","specFilename":"X:\\\\Tests\\\\Automation\\\\test_suites\\\\89_sanitychecks\\\\listsandstaticsegments.robot","status":"fail","percentage":1,"failureThreshold":0.05,"baselinePath":"baseline/Test_Suites.89_Sanitychecks.Listsandstaticsegments.Lists_Dashboard_Without_Threshold.png","comparisonPath":"Test_Suites.89_Sanitychecks.Listsandstaticsegments.Lists_Dashboard_Without_Threshold.png","diffPath":""}]}]}"`;

exports[`DiffReportCollector Collect simple report with two passing screenshots 1`] = `"{"total":2,"totalPassed":0,"totalFailed":2,"totalSuites":1,"suites":[{"name":"Listsandstaticsegments","path":"X:\\\\Tests\\\\Automation\\\\test_suites\\\\89_sanitychecks\\\\listsandstaticsegments.robot","tests":[{"name":"Create_List","specPath":"X:\\\\Tests\\\\Automation\\\\test_suites\\\\89_sanitychecks\\\\listsandstaticsegments.robot","specFilename":"X:\\\\Tests\\\\Automation\\\\test_suites\\\\89_sanitychecks\\\\listsandstaticsegments.robot","status":"pass","percentage":1,"failureThreshold":0.1,"baselinePath":"baseline/Test_Suites.89_Sanitychecks.Listsandstaticsegments.Lists_Dashboard.png","comparisonPath":"Test_Suites.89_Sanitychecks.Listsandstaticsegments.Lists_Dashboard.png","diffPath":""},{"name":"Create_List","specPath":"X:\\\\Tests\\\\Automation\\\\test_suites\\\\89_sanitychecks\\\\listsandstaticsegments.robot","specFilename":"X:\\\\Tests\\\\Automation\\\\test_suites\\\\89_sanitychecks\\\\listsandstaticsegments.robot","status":"pass","percentage":1,"failureThreshold":0.05,"baselinePath":"baseline/Test_Suites.89_Sanitychecks.Listsandstaticsegments.Lists_Dashboard_Without_Threshold.png","comparisonPath":"Test_Suites.89_Sanitychecks.Listsandstaticsegments.Lists_Dashboard_Without_Threshold.png","diffPath":""}]}]}"`;

exports[`DiffReportCollector Collect simple report without screenshot folder 1`] = `"{"total":2,"totalPassed":0,"totalFailed":2,"totalSuites":1,"suites":[{"name":"Listsandstaticsegments","path":"X:\\\\Tests\\\\Automation\\\\test_suites\\\\89_sanitychecks\\\\listsandstaticsegments.robot","tests":[{"name":"Create_List","specPath":"X:\\\\Tests\\\\Automation\\\\test_suites\\\\89_sanitychecks\\\\listsandstaticsegments.robot","specFilename":"X:\\\\Tests\\\\Automation\\\\test_suites\\\\89_sanitychecks\\\\listsandstaticsegments.robot","status":"pass","percentage":1,"failureThreshold":0.1,"baselinePath":"screenshots/baseline/Test_Suites.89_Sanitychecks.Listsandstaticsegments.Lists_Dashboard.png","comparisonPath":"screenshots/Test_Suites.89_Sanitychecks.Listsandstaticsegments.Lists_Dashboard.png","diffPath":""},{"name":"Create_List","specPath":"X:\\\\Tests\\\\Automation\\\\test_suites\\\\89_sanitychecks\\\\listsandstaticsegments.robot","specFilename":"X:\\\\Tests\\\\Automation\\\\test_suites\\\\89_sanitychecks\\\\listsandstaticsegments.robot","status":"pass","percentage":1,"failureThreshold":0.05,"baselinePath":"screenshots/baseline/Test_Suites.89_Sanitychecks.Listsandstaticsegments.Lists_Dashboard_Without_Threshold.png","comparisonPath":"screenshots/Test_Suites.89_Sanitychecks.Listsandstaticsegments.Lists_Dashboard_Without_Threshold.png","diffPath":""}]}]}"`;
